nohup: ignoring input
[18:00:02] bootstrap_minimal: resolving project / working dirs
[18:00:11]   selected working_dir: /home/jovyan/common_data/nex-gddp-cimp6_hazards
[extract] workers=9  per_worker_gb~50.0  cores=40/40 (logical/physical)  RAM=8589934579.0 free / 376.5 total GB [cgroup=8589934592.0 / host=376.5 GB]  budget=450.0 GB
project_dir            : /home/jovyan/atlas/hazards_prototype 
working_dir            : /home/jovyan/common_data/nex-gddp-cimp6_hazards 
input dir              : Data/chirts_chirps_hist 
output dir             : Data/chirts_chirps_hist/admin 
obs_base_rast_path     : /home/jovyan/atlas/hazards_prototype/metadata/base_raster_obs.tif 
boundaries_int_dir     : Data/boundaries/intermediate 
mode                   : --smoke 
admin levels           : admin0 
variables              : PTOT, TMAX, TMIN, TAVG, SPEI-01, SPEI-03, SPEI-06, SPEI-12, SPEI-24 

[18:00:12] === Admin level: admin0 ===
[18:00:12]   loading admin geometry: admin0 -> Data/boundaries/atlas_gaul24_a0_africa.parquet
[18:00:17]   cached zonal raster: Data/boundaries/intermediate/admin0_obs_zonal.tif
[18:00:18]   parallel extract across 9 variables, 9 workers (multicore)
[18:00:18]   dispatching variables: PTOT, TMAX, TMIN, TAVG, SPEI-01, SPEI-03, SPEI-06, SPEI-12, SPEI-24
[18:00:18]   worker progress lines below have prefix [HH:MM:SS][pid N][VAR];
[18:00:18]   grep the log for a single PID or VAR to follow one worker.
[18:00:18][pid 9580][PTOT] start
[18:00:18][pid 9580][PTOT] 52 monthly tifs to process
[18:00:40][pid 9580][PTOT] Inf-mask applied (lazy; materialised in zonal)
[18:02:26][pid 9580][PTOT] zonal chunk 1/1 (layers 1-52) done in 103.6s
[18:02:26][pid 9580][PTOT] melting + merging 57 zones x 52 layers
[18:02:26][pid 9580][PTOT] done (2964 rows)
[18:00:18][pid 9581][TMAX] start
[18:00:18][pid 9581][TMAX] 52 monthly tifs to process
[18:00:46][pid 9581][TMAX] Inf-mask applied (lazy; materialised in zonal)
[18:02:38][pid 9581][TMAX] zonal chunk 1/1 (layers 1-52) done in 109.5s
[18:02:38][pid 9581][TMAX] melting + merging 57 zones x 52 layers
[18:02:38][pid 9581][TMAX] done (2964 rows)
[18:00:18][pid 9582][TMIN] start
[18:00:18][pid 9582][TMIN] 52 monthly tifs to process
[18:00:40][pid 9582][TMIN] Inf-mask applied (lazy; materialised in zonal)
[18:02:30][pid 9582][TMIN] zonal chunk 1/1 (layers 1-52) done in 106.6s
[18:02:30][pid 9582][TMIN] melting + merging 57 zones x 52 layers
[18:02:30][pid 9582][TMIN] done (2964 rows)
[18:00:18][pid 9583][TAVG] start
[18:00:18][pid 9583][TAVG] 52 monthly tifs to process
[18:00:46][pid 9583][TAVG] Inf-mask applied (lazy; materialised in zonal)
[18:02:41][pid 9583][TAVG] zonal chunk 1/1 (layers 1-52) done in 111.9s
[18:02:41][pid 9583][TAVG] melting + merging 57 zones x 52 layers
[18:02:41][pid 9583][TAVG] done (2964 rows)
[18:00:18][pid 9584][SPEI-01] start
[18:00:18][pid 9584][SPEI-01] 52 monthly tifs to process
[18:00:41][pid 9584][SPEI-01] Inf-mask applied (lazy; materialised in zonal)
[18:02:31][pid 9584][SPEI-01] zonal chunk 1/1 (layers 1-52) done in 107.2s
[18:02:31][pid 9584][SPEI-01] melting + merging 57 zones x 52 layers
[18:02:31][pid 9584][SPEI-01] done (2964 rows)
[18:00:18][pid 9585][SPEI-03] start
[18:00:18][pid 9585][SPEI-03] 52 monthly tifs to process
[18:00:42][pid 9585][SPEI-03] Inf-mask applied (lazy; materialised in zonal)
[18:02:39][pid 9585][SPEI-03] zonal chunk 1/1 (layers 1-52) done in 114.2s
[18:02:39][pid 9585][SPEI-03] melting + merging 57 zones x 52 layers
[18:02:39][pid 9585][SPEI-03] done (2964 rows)
[18:00:18][pid 9586][SPEI-06] start
[18:00:18][pid 9586][SPEI-06] 52 monthly tifs to process
[18:00:46][pid 9586][SPEI-06] Inf-mask applied (lazy; materialised in zonal)
[18:02:42][pid 9586][SPEI-06] zonal chunk 1/1 (layers 1-52) done in 112.8s
[18:02:42][pid 9586][SPEI-06] melting + merging 57 zones x 52 layers
[18:02:42][pid 9586][SPEI-06] done (2964 rows)
[18:00:18][pid 9587][SPEI-12] start
[18:00:18][pid 9587][SPEI-12] 52 monthly tifs to process
[18:00:41][pid 9587][SPEI-12] Inf-mask applied (lazy; materialised in zonal)
[18:02:30][pid 9587][SPEI-12] zonal chunk 1/1 (layers 1-52) done in 106.9s
[18:02:30][pid 9587][SPEI-12] melting + merging 57 zones x 52 layers
[18:02:30][pid 9587][SPEI-12] done (2964 rows)
[18:00:18][pid 9588][SPEI-24] start
[18:00:19][pid 9588][SPEI-24] 52 monthly tifs to process
[18:00:41][pid 9588][SPEI-24] Inf-mask applied (lazy; materialised in zonal)
[18:02:38][pid 9588][SPEI-24] zonal chunk 1/1 (layers 1-52) done in 114.2s
[18:02:38][pid 9588][SPEI-24] melting + merging 57 zones x 52 layers
[18:02:38][pid 9588][SPEI-24] done (2964 rows)
[18:02:42]   [1/9] PTOT: 2964 rows in 127.9s
[18:02:42]   [2/9] TMAX: 2964 rows in 140.1s
[18:02:42]   [3/9] TMIN: 2964 rows in 131.5s
[18:02:42]   [4/9] TAVG: 2964 rows in 142.7s
[18:02:42]   [5/9] SPEI-01: 2964 rows in 132.3s
[18:02:42]   [6/9] SPEI-03: 2964 rows in 140.3s
[18:02:42]   [7/9] SPEI-06: 2964 rows in 143.4s
[18:02:42]   [8/9] SPEI-12: 2964 rows in 132.0s
[18:02:42]   [9/9] SPEI-24: 2964 rows in 139.8s
[18:02:42]   merging admin metadata onto 26676 rows
[18:02:42]   wrote Data/chirts_chirps_hist/admin/obs_monthly_adm0.parquet (0.5 MB)
[18:02:42] === VERIFICATION CHECKS ===
[OK] 1. Parquet written: Data/chirts_chirps_hist/admin/obs_monthly_adm0.parquet (0.5 MB)
[OK] 2. Schema has expected columns (12 cols).
[OK] 3. Row count 26676 ~= zones x vars x months = 57 x 9 x 52 = 26676.
[OK] 4. No (iso3 x variable) combinations are entirely NA.
[OK] 5. Per-variable value ranges (mean):
   variable       min        max
     <fctr>     <num>      <num>
1:     PTOT  0.000000 639.300575
2:     TMAX 13.380605  45.328458
3:     TMIN -1.966768  32.243423
4:     TAVG  5.971181  38.272644
5:  SPEI-01 -3.531201   3.738819
6:  SPEI-03 -4.252608   3.489127
7:  SPEI-06 -3.005470   2.732473
8:  SPEI-12 -3.070635   2.290568
9:  SPEI-24 -3.895452   2.287515

=== WARNINGS COLLECTED: 0 ===
(no warnings)

=== SMOKE TEST PASSED - STOPPING (do NOT run --full from here) ===
