nohup: ignoring input
=== rebake_parquets_for_pushdown.R ===
bucket:        s3://digital-atlas
targets:       3 of 15
row_group:     100,000 rows
dry_run:       TRUE
tmpdir:        /tmp/atlas_parquet_rebake
AWS_PROFILE:   <unset>

[adm0_obs_monthly] domain=climate/type=observational/source=chirps-chirts-era5/region=africa/processing=admin-monthly/variable=adm0_obs.parquet
    notes: Producer: hazards_prototype/R/observational/3_extract_obs_admin.R
    head: 4.59M bytes (4.59 MB)
    downloaded in 1.59s
    read into arrow: 281,124 rows, 12 cols, 0.04s
    BEFORE: 1 row group(s), 281,124 rows
    sorted by [iso3, variable, year, month] in 0.10s
    !! exception: unused argument (column_encoding = col_encoding)

[adm0_obs_periods] domain=climate/type=observational/source=chirps-chirts-era5/region=africa/processing=admin-periods/variable=adm0_obs.parquet
    notes: Producer: hazards_prototype/R/observational/4_aggregate_obs_admin_periods.R
    head: 4.81M bytes (4.81 MB)
    downloaded in 0.82s
    read into arrow: 302,841 rows, 12 cols, 0.02s
    BEFORE: 1 row group(s), 302,841 rows
    sorted by [iso3, variable, period, year] in 0.31s
    !! exception: unused argument (column_encoding = col_encoding)

[adm0_faostat] domain=socioeconomic/type=production/source=faostat/region=ssa/variable=adm0_faostat.parquet
    notes: Producer: hazards_prototype/R/0.4.5_create_faostat_long.R
    head: 2.98M bytes (2.98 MB)
    downloaded in 0.66s
    read into arrow: 753,746 rows, 13 cols, 0.04s
    BEFORE: 1 row group(s), 753,746 rows
    sorted by [iso3, variable, commodity, year] in 0.55s
    !! exception: unused argument (column_encoding = col_encoding)

=== summary ===
  adm0_obs_monthly  exception
  adm0_obs_periods  exception
  adm0_faostat      exception
Warning message:
Invalid metadata$r 

===== STAGE A DONE (Rscript exit code: 1) =====
