nohup: ignoring input
=== verify_pushdown_speedup.R ===
bucket:           s3://digital-atlas
queries:          9 of 9
canonical_only:   TRUE
Each query runs on a FRESH duckdb connection with object cache

=== [adm0_obs_monthly] Climate Rationale's AGO+PTOT cold-start case ===
    WHERE iso3 = 'AGO' AND variable = 'PTOT'
    canonical : https://digital-atlas.s3.amazonaws.com/domain=climate/type=observational/source=chirps-chirts-era5/region=africa/processing=admin-monthly/variable=adm0_obs.parquet
    canonical : 1.53s, 544 rows

=== [adm1_obs_monthly] subnational TAVG query ===
    WHERE iso3 = 'KEN' AND variable = 'TAVG'
    canonical : https://digital-atlas.s3.amazonaws.com/domain=climate/type=observational/source=chirps-chirts-era5/region=africa/processing=admin-monthly/variable=adm1_obs.parquet
    canonical : 1.70s, 26,688 rows

=== [adm0_obs_periods] national + period filter (the dispatch's example) ===
    WHERE iso3 = 'AGO' AND variable = 'PTOT' AND period = 'annual'
    canonical : https://digital-atlas.s3.amazonaws.com/domain=climate/type=observational/source=chirps-chirts-era5/region=africa/processing=admin-periods/variable=adm0_obs.parquet
    canonical : 1.56s, 45 rows

=== [adm1_obs_periods] subnational + period filter ===
    WHERE iso3 = 'ETH' AND variable = 'TMIN' AND period = 'annual'
    canonical : https://digital-atlas.s3.amazonaws.com/domain=climate/type=observational/source=chirps-chirts-era5/region=africa/processing=admin-periods/variable=adm1_obs.parquet
    canonical : 1.97s, 598 rows

=== [cmip6_historical] historical national + season filter ===
    WHERE iso3 = 'NGA' AND season = 'annual'
    canonical : https://digital-atlas.s3.amazonaws.com/domain=climate/type=hazard-indices/source=nex-gddp-cmip6/region=africa/processing=timeseries_mean_month/timeframe=3months/period=1995-2014/baseline=1995-2014/variable=ensemble_season_timeseries.parquet
    canonical : 1.64s, 6,840 rows

=== [cmip6_2021_2040] scenario + season filter ===
    WHERE iso3 = 'NGA' AND scenario = 'ssp245' AND season = 'annual'
    canonical : https://digital-atlas.s3.amazonaws.com/domain=climate/type=hazard-indices/source=nex-gddp-cmip6/region=africa/processing=timeseries_mean_month/timeframe=3months/period=2021-2040/baseline=1995-2014/variable=ensemble_season_timeseries.parquet
    canonical : 2.00s, 6,840 rows

=== [hazard_exposure_multi] hazard x exposure crop slice ===
    WHERE iso3 = 'CIV' AND crop = 'cocoa'
    canonical : https://digital-atlas.s3.amazonaws.com/domain=hazard_exposure/source=nex-gddp-cmip6/region=ssa/processing=hazard-risk-exposure/variable=vop_nominal-usd21/period=jagermeyr/model=ENSEMBLEmean/severity=severe/int=multi-hazard.parquet
    canonical : 1.84s, 13,056 rows

=== [exposure_crop_livestock] national + exposure filter ===
    WHERE iso3 = 'UGA' AND exposure = 'vop'
    canonical : https://digital-atlas.s3.amazonaws.com/domain=exposure/type=combined/source=glw4-2020_spam2020AA/region=ssa/processing=atlas-harmonized/variable=crop-livestock_all.parquet
    canonical : 1.55s, 43,646 rows

=== [adm0_faostat] FAOSTAT national production query ===
    WHERE iso3 = 'ETH' AND variable = 'production'
    canonical : https://digital-atlas.s3.amazonaws.com/domain=socioeconomic/type=production/source=faostat/region=ssa/variable=adm0_faostat.parquet
    canonical : 1.62s, 1,125 rows

=== summary ===
target                      elapsed_s       rows
-------------------------------------------------- 
adm0_obs_monthly                 1.53        544
adm1_obs_monthly                 1.70     26,688
adm0_obs_periods                 1.56         45
adm1_obs_periods                 1.97        598
cmip6_historical                 1.64      6,840
cmip6_2021_2040                  2.00      6,840
hazard_exposure_multi            1.84     13,056
exposure_crop_livestock          1.55     43,646
adm0_faostat                     1.62      1,125
Warning message:
In sprintf("Each query runs on a FRESH duckdb connection with object cache\n",  :
  one argument not used by format 'Each query runs on a FRESH duckdb connection with object cache
'

===== STAGE B2 DONE (Rscript exit code: 0) =====
