nohup: ignoring input
Loading required package: pacman
Loading required package: exactextractr
Climate data source =  nexgddp 
0_server_setup.R has completed successfully.
CGLabs =  TRUE 
There were 17 warnings (use warnings() to see them)

Attaching package: ‘arrow’

The following object is masked from ‘package:terra’:

    buffer

The following object is masked from ‘package:utils’:

    timestamp


Attaching package: ‘arrow’

The following object is masked from ‘package:terra’:

    buffer

The following object is masked from ‘package:utils’:

    timestamp


Attaching package: ‘arrow’

The following object is masked from ‘package:terra’:

    buffer

The following object is masked from ‘package:utils’:

    timestamp


Attaching package: ‘arrow’

The following object is masked from ‘package:terra’:

    buffer

The following object is masked from ‘package:utils’:

    timestamp


Attaching package: ‘arrow’

The following object is masked from ‘package:terra’:

    buffer

The following object is masked from ‘package:utils’:

    timestamp


Attaching package: ‘arrow’

The following object is masked from ‘package:terra’:

    buffer

The following object is masked from ‘package:utils’:

    timestamp


Attaching package: ‘arrow’

The following object is masked from ‘package:terra’:

    buffer

The following object is masked from ‘package:utils’:

    timestamp


Attaching package: ‘arrow’

The following object is masked from ‘package:terra’:

    buffer

The following object is masked from ‘package:utils’:

    timestamp


Attaching package: ‘arrow’

The following object is masked from ‘package:terra’:

    buffer

The following object is masked from ‘package:utils’:

    timestamp


Attaching package: ‘arrow’

The following object is masked from ‘package:terra’:

    buffer

The following object is masked from ‘package:utils’:

    timestamp


Attaching package: ‘arrow’

The following object is masked from ‘package:terra’:

    buffer

The following object is masked from ‘package:utils’:

    timestamp


Attaching package: ‘arrow’

The following object is masked from ‘package:terra’:

    buffer

The following object is masked from ‘package:utils’:

    timestamp


Attaching package: ‘arrow’

The following object is masked from ‘package:terra’:

    buffer

The following object is masked from ‘package:utils’:

    timestamp


Attaching package: ‘arrow’

The following object is masked from ‘package:terra’:

    buffer

The following object is masked from ‘package:utils’:

    timestamp


Attaching package: ‘arrow’

The following object is masked from ‘package:terra’:

    buffer

The following object is masked from ‘package:utils’:

    timestamp


Attaching package: ‘arrow’

The following object is masked from ‘package:terra’:

    buffer

The following object is masked from ‘package:utils’:

    timestamp

Extracting hpop 
Extracting admin 1 / 3 admin0 
Extracting admin 2 / 3 admin1 
Extracting admin 3 / 3 admin2 

===== 0.4.4_process_exposure.R COMPLETE at 2026-05-25 05:12:17 UTC =====
There were 50 or more warnings (use warnings() to see the first 50)

===== STAGE B DONE (Rscript exit code: 0) =====
