nohup: ignoring input
Loading required package: pacman
Loading required package: exactextractr
Climate data source =  nexgddp 
0_server_setup.R has completed successfully.
CGLabs =  TRUE 
There were 17 warnings (use warnings() to see them)
[20:00:18] [3_freq_x_exp] script start (FORCE_OVERWRITE=1)
0.2.1.1) Using crop vop intd file: spam_vop_intld15_all.tif 
0.2.1.1) Using crop vop usd file: spam_vop_usd2015_all.tif 
0.2.1.2) Using crop harvested area file: spam_harv-area_ha_all.tif 
0.2.2.1) Using livestock number file: livestock_number_number.tif 
0.2.2.2) Using livestock vop intd file: glw4-2020_vop_intld15-2021.tif 
0.2.2.2) Using livestock vop usd file: glw4-2020_vop_nominal-usd-2021.tif 
[20:00:50] [3_freq_x_exp] entering timeframe loop over 2 periods: annual, jagermeyr
---------------------------------------------------------------------------------------
[20:00:52] [3_freq_x_exp] [timeframe 1/2] annual — start
haz_timeseries_dir = /home/jovyan/common_data/atlas_nex-gddp_hazards/cmip6/indices_seasonal/annual 
[20:00:52] [3_freq_x_exp] [annual] section 4: hazard risk x exposure (run4.1=FALSE, run4.2=TRUE)
annual 4) Hazard risk x exposure 
4) Controls: 
run4= FALSE 
run4= TRUE 
overwrite4= TRUE 
worker_n4.1= 16 
worker_n4.2= 2 
multisession4= TRUE 
version4= 1 
check4.1= TRUE 
4) Set-up:
$vop
$vop$variable
[1] "vop_intld15-2021"

$vop$folder
[1] "Data/hazard_risk_vop/annual"

$vop$source_dir
[1] "Data/hazard_risk/annual"

$vop$crop_exposure_file
[1] "Data/mapspam/2020V1r2_SSA/processed/variable=vop_intld15/spam_vop_intld15_all.tif"

$vop$livestock_exposure_file
[1] "Data/GLW4_2020/processed/variable=vop_intld15-2021/glw4-2020_vop_intld15-2021.tif"

$vop$round_n
[1] 0


$vop_usd
$vop_usd$variable
[1] "vop_nominal-usd-2021"

$vop_usd$folder
[1] "Data/hazard_risk_vop_usd/annual"

$vop_usd$source_dir
[1] "Data/hazard_risk/annual"

$vop_usd$crop_exposure_file
[1] "Data/mapspam/2020V1r2_SSA/processed/variable=vop_usd2015/spam_vop_usd2015_all.tif"

$vop_usd$livestock_exposure_file
[1] "Data/GLW4_2020/processed/variable=vop_nominal-usd-2021/glw4-2020_vop_nominal-usd-2021.tif"

$vop_usd$round_n
[1] 0


$ha
$ha$variable
[1] "harv-area_ha"

$ha$folder
[1] "Data/hazard_risk_ha/annual"

$ha$source_dir
[1] "Data/hazard_risk/annual"

$ha$crop_exposure_file
[1] "Data/mapspam/2020V1r2_SSA/processed/variable=harv-area_ha/spam_harv-area_ha_all.tif"

$ha$livestock_exposure_file
NULL

$ha$round_n
[1] 0


[20:00:52] [3_freq_x_exp] [annual] 4.2) Extract Freq x Exposure by Geography (3 variables)
[20:00:52] [3_freq_x_exp] [annual] 4.2) variable 1/3: vop_intld15-2021 — start (folder=Data/hazard_risk_vop/annual)
annual 4.2) Extracting 6 groups 
Error: Future (<unnamed-1>) of class MultisessionFuture interrupted, while running on ‘localhost’ (pid 173688)
In addition: There were 12 warnings (use warnings() to see them)
19: (function () 
    {
        traceback(2)
        quit(status = 1, save = "no")
    })()
18: stop(result)
17: result.ClusterFuture(future)
16: result(future)
15: value.Future(obj, stdout = TRUE, signal = FALSE)
14: value(obj, stdout = TRUE, signal = FALSE)
13: signalConditionsASAP(obj, resignal = FALSE, exclude = "error", 
        pos = ii)
12: value.list(futures)
11: future::value(futures)
10: furrr_template(args = x, fn = fn, dots = dots, n = n, options = options, 
        progress = progress, type = type, map_fn = map_fn, names = names, 
        env_globals = env_globals, expr = expr, extract = furrr_map_extract)
9: furrr_map_template(x = .x, fn = .f, dots = list(...), options = .options, 
       progress = .progress, type = "list", map_fn = purrr::map, 
       env_globals = .env_globals)
8: furrr::future_map(seq_along(group), function(i) {
       mts_choice <- group[i]
       if (i == 1L || i == .n_groups_42 || i%%200L == 0L) {
           cat(sprintf("[%s] [3_freq_x_exp] [4.2 %d/%d] %s\n", format(Sys.time(), 
               "%H:%M:%S"), i, .n_groups_42, mts_choice))
           flush.console()
       }
       save_file <- file.path(folder, paste0(mts_choice, ".parquet"))
       if (!file.exists(save_file) | overwrite) {
           file_choices <- files$file[files$group == mts_choice]
           boundary_choice <- boundaries_zonal$admin2
           suppressWarnings({
               zonal_rast <- terra::rast(boundary_choice)
               rast_layers <- lapply(file_choices, function(.f) {
                   .r <- terra::rast(.f)
                   if (!terra::compareGeom(.r, base_rast, stopOnError = FALSE)) {
                     .r <- terra::resample(.r, base_rast, method = "sum")
                   }
                   .r
               })
               rast_data <- terra::rast(rast_layers)
           })
           if (any(table(names(rast_data)) > 1)) {
               stop("duplicate layer names present")
           }
           dat <- suppressWarnings(zonal(x = rast_data, z = zonal_rast, 
               fun = extract_stat, na.rm = TRUE, threads = TRUE))
           dat <- merge(dat, boundaries_index$admin2, by = "zone_id", 
               all.x = TRUE, sort = FALSE)
           dat$zone_id <- NULL
           result_long <- data.table::melt(data.table(dat), id.vars = id_vars)
           result_long[, `:=`(c(split_colnames), tstrsplit(variable[1], 
               split_delim, fixed = TRUE)), by = variable]
           result_long[, `:=`(variable, NULL)]
           agg_admin1 <- result_long[, .(value = sum(value, na.rm = TRUE)), 
               by = setdiff(names(result_long), c("value", "admin2_name", 
                   "gaul2_code"))]
           agg_admin1$admin2_name <- NA
           agg_admin1$gaul2_code <- NA
           agg_admin0 <- result_long[, .(value = sum(value, na.rm = TRUE)), 
               by = setdiff(names(result_long), c("value", "admin1_name", 
                   "admin2_name", "gaul2_code", "gaul1_code"))]
           agg_admin0$admin2_name <- NA
           agg_admin0$gaul2_code <- NA
           agg_admin0$admin1_name <- NA
           agg_admin0$gaul1_code <- NA
           result_long_adm012 <- rbind(result_long, rbind(agg_admin1, 
               agg_admin0, fill = TRUE), fill = TRUE)
           if (!is.null(round)) {
               result_long_adm012[, `:=`(value, round(value, round))]
           }
           if (!is.null(order_by)) {
               result_long_adm012 <- arrange(result_long_adm012, 
                   across(all_of(order_by)))
           }
           arrow::write_parquet(result_long_adm012, save_file)
           attr_file <- paste0(save_file, ".json")
           filters <- lapply(split_colnames, function(split_col) {
               unique(result_long_adm012[[split_col]])
           })
           names(filters) <- split_colnames
           attr_info <- list(source = list(input_raster = file_choices, 
               extraction_rast = atlas_data$boundaries$name), extraction_method = "zonal", 
               geo_filters = id_vars, season_type = timeframe, field_descriptions = field_descriptions, 
               filters = filters, format = ".parquet", date_created = Sys.time(), 
               version = version4, parent_script = attr_parent_script, 
               value_variable = attr_value_variable, unit = attr_unit, 
               extract_stat = extract_stat, notes = attr_notes)
           write_json(attr_info, attr_file, pretty = TRUE)
           rm(dat, zonal_rast, rast_data, result_long, agg_admin1, 
               agg_admin0, result_long_adm012)
           gc()
       }
       NULL
   }, .options = furrr::furrr_options(seed = TRUE, stdout = FALSE))
7: with_progress({
       prog <- progressr::progressor(steps = .n_groups_42)
       furrr::future_map(seq_along(group), function(i) {
           mts_choice <- group[i]
           if (i == 1L || i == .n_groups_42 || i%%200L == 0L) {
               cat(sprintf("[%s] [3_freq_x_exp] [4.2 %d/%d] %s\n", 
                   format(Sys.time(), "%H:%M:%S"), i, .n_groups_42, 
                   mts_choice))
               flush.console()
           }
           save_file <- file.path(folder, paste0(mts_choice, ".parquet"))
           if (!file.exists(save_file) | overwrite) {
               file_choices <- files$file[files$group == mts_choice]
               boundary_choice <- boundaries_zonal$admin2
               suppressWarnings({
                   zonal_rast <- terra::rast(boundary_choice)
                   rast_layers <- lapply(file_choices, function(.f) {
                     .r <- terra::rast(.f)
                     if (!terra::compareGeom(.r, base_rast, stopOnError = FALSE)) {
                       .r <- terra::resample(.r, base_rast, method = "sum")
                     }
                     .r
                   })
                   rast_data <- terra::rast(rast_layers)
               })
               if (any(table(names(rast_data)) > 1)) {
                   stop("duplicate layer names present")
               }
               dat <- suppressWarnings(zonal(x = rast_data, z = zonal_rast, 
                   fun = extract_stat, na.rm = TRUE, threads = TRUE))
               dat <- merge(dat, boundaries_index$admin2, by = "zone_id", 
                   all.x = TRUE, sort = FALSE)
               dat$zone_id <- NULL
               result_long <- data.table::melt(data.table(dat), 
                   id.vars = id_vars)
               result_long[, `:=`(c(split_colnames), tstrsplit(variable[1], 
                   split_delim, fixed = TRUE)), by = variable]
               result_long[, `:=`(variable, NULL)]
               agg_admin1 <- result_long[, .(value = sum(value, 
                   na.rm = TRUE)), by = setdiff(names(result_long), 
                   c("value", "admin2_name", "gaul2_code"))]
               agg_admin1$admin2_name <- NA
               agg_admin1$gaul2_code <- NA
               agg_admin0 <- result_long[, .(value = sum(value, 
                   na.rm = TRUE)), by = setdiff(names(result_long), 
                   c("value", "admin1_name", "admin2_name", "gaul2_code", 
                     "gaul1_code"))]
               agg_admin0$admin2_name <- NA
               agg_admin0$gaul2_code <- NA
               agg_admin0$admin1_name <- NA
               agg_admin0$gaul1_code <- NA
               result_long_adm012 <- rbind(result_long, rbind(agg_admin1, 
                   agg_admin0, fill = TRUE), fill = TRUE)
               if (!is.null(round)) {
                   result_long_adm012[, `:=`(value, round(value, 
                     round))]
               }
               if (!is.null(order_by)) {
                   result_long_adm012 <- arrange(result_long_adm012, 
                     across(all_of(order_by)))
               }
               arrow::write_parquet(result_long_adm012, save_file)
               attr_file <- paste0(save_file, ".json")
               filters <- lapply(split_colnames, function(split_col) {
                   unique(result_long_adm012[[split_col]])
               })
               names(filters) <- split_colnames
               attr_info <- list(source = list(input_raster = file_choices, 
                   extraction_rast = atlas_data$boundaries$name), 
                   extraction_method = "zonal", geo_filters = id_vars, 
                   season_type = timeframe, field_descriptions = field_descriptions, 
                   filters = filters, format = ".parquet", date_created = Sys.time(), 
                   version = version4, parent_script = attr_parent_script, 
                   value_variable = attr_value_variable, unit = attr_unit, 
                   extract_stat = extract_stat, notes = attr_notes)
               write_json(attr_info, attr_file, pretty = TRUE)
               rm(dat, zonal_rast, rast_data, result_long, agg_admin1, 
                   agg_admin0, result_long_adm012)
               gc()
           }
           NULL
       }, .options = furrr::furrr_options(seed = TRUE, stdout = FALSE))
   })
6: withCallingHandlers(expr, warning = function(w) if (inherits(w, 
       classes)) tryInvokeRestart("muffleWarning"))
5: suppressWarnings(with_progress({
       prog <- progressr::progressor(steps = .n_groups_42)
       furrr::future_map(seq_along(group), function(i) {
           mts_choice <- group[i]
           if (i == 1L || i == .n_groups_42 || i%%200L == 0L) {
               cat(sprintf("[%s] [3_freq_x_exp] [4.2 %d/%d] %s\n", 
                   format(Sys.time(), "%H:%M:%S"), i, .n_groups_42, 
                   mts_choice))
               flush.console()
           }
           save_file <- file.path(folder, paste0(mts_choice, ".parquet"))
           if (!file.exists(save_file) | overwrite) {
               file_choices <- files$file[files$group == mts_choice]
               boundary_choice <- boundaries_zonal$admin2
               suppressWarnings({
                   zonal_rast <- terra::rast(boundary_choice)
                   rast_layers <- lapply(file_choices, function(.f) {
                     .r <- terra::rast(.f)
                     if (!terra::compareGeom(.r, base_rast, stopOnError = FALSE)) {
                       .r <- terra::resample(.r, base_rast, method = "sum")
                     }
                     .r
                   })
                   rast_data <- terra::rast(rast_layers)
               })
               if (any(table(names(rast_data)) > 1)) {
                   stop("duplicate layer names present")
               }
               dat <- suppressWarnings(zonal(x = rast_data, z = zonal_rast, 
                   fun = extract_stat, na.rm = TRUE, threads = TRUE))
               dat <- merge(dat, boundaries_index$admin2, by = "zone_id", 
                   all.x = TRUE, sort = FALSE)
               dat$zone_id <- NULL
               result_long <- data.table::melt(data.table(dat), 
                   id.vars = id_vars)
               result_long[, `:=`(c(split_colnames), tstrsplit(variable[1], 
                   split_delim, fixed = TRUE)), by = variable]
               result_long[, `:=`(variable, NULL)]
               agg_admin1 <- result_long[, .(value = sum(value, 
                   na.rm = TRUE)), by = setdiff(names(result_long), 
                   c("value", "admin2_name", "gaul2_code"))]
               agg_admin1$admin2_name <- NA
               agg_admin1$gaul2_code <- NA
               agg_admin0 <- result_long[, .(value = sum(value, 
                   na.rm = TRUE)), by = setdiff(names(result_long), 
                   c("value", "admin1_name", "admin2_name", "gaul2_code", 
                     "gaul1_code"))]
               agg_admin0$admin2_name <- NA
               agg_admin0$gaul2_code <- NA
               agg_admin0$admin1_name <- NA
               agg_admin0$gaul1_code <- NA
               result_long_adm012 <- rbind(result_long, rbind(agg_admin1, 
                   agg_admin0, fill = TRUE), fill = TRUE)
               if (!is.null(round)) {
                   result_long_adm012[, `:=`(value, round(value, 
                     round))]
               }
               if (!is.null(order_by)) {
                   result_long_adm012 <- arrange(result_long_adm012, 
                     across(all_of(order_by)))
               }
               arrow::write_parquet(result_long_adm012, save_file)
               attr_file <- paste0(save_file, ".json")
               filters <- lapply(split_colnames, function(split_col) {
                   unique(result_long_adm012[[split_col]])
               })
               names(filters) <- split_colnames
               attr_info <- list(source = list(input_raster = file_choices, 
                   extraction_rast = atlas_data$boundaries$name), 
                   extraction_method = "zonal", geo_filters = id_vars, 
                   season_type = timeframe, field_descriptions = field_descriptions, 
                   filters = filters, format = ".parquet", date_created = Sys.time(), 
                   version = version4, parent_script = attr_parent_script, 
                   value_variable = attr_value_variable, unit = attr_unit, 
                   extract_stat = extract_stat, notes = attr_notes)
               write_json(attr_info, attr_file, pretty = TRUE)
               rm(dat, zonal_rast, rast_data, result_long, agg_admin1, 
                   agg_admin0, result_long_adm012)
               gc()
           }
           NULL
       }, .options = furrr::furrr_options(seed = TRUE, stdout = FALSE))
   }))
4: eval(ei, envir)
3: eval(ei, envir)
2: withVisible(eval(ei, envir))
1: source(Sys.getenv("FREQXEXP_SCRIPT"))
===== STAGE C DONE (exit: 1) =====
