
===== 3.1) Per-GCM SSP370 2041-2060 int-tier audit =====
Warning messages:
1: /usr/lib/x86_64-linux-gnu/libtiff.so.6: version `LIBTIFF_4.6.1' not found (required by /opt/conda/lib/gdalplugins/../libgdal.so.36) (GDAL error 1) 
2: /usr/lib/x86_64-linux-gnu/libtiff.so.6: version `LIBTIFF_4.6.1' not found (required by /opt/conda/lib/gdalplugins/../libgdal.so.36) (GDAL error 1) 
3: /usr/lib/x86_64-linux-gnu/libtiff.so.6: version `LIBTIFF_4.6.1' not found (required by /opt/conda/lib/gdalplugins/../libgdal.so.36) (GDAL error 1) 
4: /usr/lib/x86_64-linux-gnu/libtiff.so.6: version `LIBTIFF_4.6.1' not found (required by /opt/conda/lib/gdalplugins/../libgdal.so.36) (GDAL error 1) 
5: /usr/lib/x86_64-linux-gnu/libtiff.so.6: version `LIBTIFF_4.6.1' not found (required by /opt/conda/lib/gdalplugins/../libgdal.so.36) (GDAL error 1) 
6: /usr/lib/x86_64-linux-gnu/libtiff.so.6: version `LIBTIFF_4.6.1' not found (required by /opt/conda/lib/gdalplugins/../libgdal.so.36) (GDAL error 1) 
7: /usr/lib/x86_64-linux-gnu/libtiff.so.6: version `LIBTIFF_4.6.1' not found (required by /opt/conda/lib/gdalplugins/../libgdal.so.36) (GDAL error 1) 
8: /usr/lib/x86_64-linux-gnu/libtiff.so.6: version `LIBTIFF_4.6.1' not found (required by /opt/conda/lib/gdalplugins/../libgdal.so.36) (GDAL error 1) 
Climate data source =  nexgddp 
0_server_setup.R has completed successfully.
CGLabs =  TRUE 

--- PROBE  (broken case) : ssp370 × 2041-2060 × NDWS-G15+NTx35-G7+NDWL0-G2 — 0 per-GCM files matched ---

--- PRIOR  (same scen, prev p) : ssp370 × 2021-2040 × NDWS-G15+NTx35-G7+NDWL0-G2 — 0 per-GCM files matched ---

--- REF    (sibling scenario) : ssp245 × 2041-2060 × NDWS-G15+NTx35-G7+NDWL0-G2 — 0 per-GCM files matched ---

=== VERDICT (3.1) ===

===== 3.2) ENSEMBLE writer code inspection =====

--- R/2_calculate_haz_freq.R lines 1360-1420 (sec 5.2 ENSEMBLE write) ---
              rm(haz, haz_sum, int, any_haz, any_haz_mean, int_any)
              gc()
            }
          }
        }

        scenarios <- scenarios_x_models
        scenarios$model <- NULL
        scenarios$scen_mod_time <- NULL
        scenarios <- unique(scenarios)

        for (l in seq_len(nrow(scenarios))) {
          cat(
            "Calculating Ensemble:", i, "/", nrow(combinations_choice),
            "| Scenario:", l, "/", length(unique(scenarios$scen_x_time)), "                    \r"
          )

          scenario_choice <- scenarios$scenario[l]

          # Ensemble models
          if (scenario_choice != "historic" & do_ensemble5.2) {
            time_choice <- scenarios$timeframe[l]
            scen_time_choice <- scenarios$scen_x_time[l]
            scen_mod_time_choice <- scenarios_x_models[scenarios_x_models$scen_x_time == scen_time_choice, "scen_mod_time"]

            ensemble_files <- file.path(haz_time_int_dir, paste0(scen_mod_time_choice, "_", paste0(combos, collapse = "+"), ".tif"))
            save_file_mean <- file.path(haz_time_int_dir, paste0(scenario_choice, "_ENSEMBLEmean_", time_choice, "_", paste0(combos, collapse = "+"), ".tif"))
            save_file_sd <- file.path(haz_time_int_dir, paste0(scenario_choice, "_ENSEMBLEsd_", time_choice, "_", paste0(combos, collapse = "+"), ".tif"))

            if (!file.exists(save_file_mean) | overwrite5.2) {
              ensemble_stack <- lapply(ensemble_files, terra::rast)

              ensemble_mean <- terra::rast(lapply(1:nlyr(ensemble_stack[[1]]), FUN = function(j) {
                ensemble_dat <- terra::rast(lapply(ensemble_stack, "[[", j))
                mean(ensemble_dat)
              }))

              ensemble_sd <- terra::rast(lapply(1:nlyr(ensemble_stack[[1]]), FUN = function(j) {
                ensemble_dat <- terra::rast(lapply(ensemble_stack, "[[", j))
                terra::app(ensemble_dat, fun = sd)
              }))

              if (!is.null(round5.2)) {
                ensemble_mean <- round(ensemble_mean, round5.2)
                ensemble_sd <- round(ensemble_sd, round5.2)
              }

              ensemble_names <- names(ensemble_stack[[1]])
              ensemble_names_mean <- gsub(paste0(model_options, collapse = "|"), "ENSEMBLEmean", ensemble_names)
              ensemble_names_sd <- gsub(paste0(model_options, collapse = "|"), "ENSEMBLEsd", ensemble_names)

              names(ensemble_mean) <- ensemble_names_mean
              names(ensemble_sd) <- ensemble_names_sd

              terra::writeRaster(ensemble_mean, filename = save_file_mean, overwrite = TRUE, filetype = "COG", gdal = c("OVERVIEWS" = "NONE"))
              terra::writeRaster(ensemble_sd, filename = save_file_sd, overwrite = TRUE, filetype = "COG", gdal = c("OVERVIEWS" = "NONE"))

              rm(ensemble_stack, ensemble_mean, ensemble_sd)
              gc()
            }
          }

--- R/2_calculate_haz_freq.R lines 780-820 (haz_time_risk_dir) ---

          haz_choice <- haz_scen_mod$hazard[i]
          scenario_choice <- haz_scen_mod$scenario[i]
          time_choice <- haz_scen_mod$timeframe[i]

          ensemble_files <- haz_freq_file_tab[haz_freq_file_tab$hazard == haz_choice &
            haz_freq_file_tab$scenario == scenario_choice &
            haz_freq_file_tab$timeframe == time_choice, "file"]

          save_file_mean <- file.path(haz_time_risk_dir, paste0(scenario_choice, "_ENSEMBLEmean_", time_choice, "_", haz_choice, ".tif"))
          save_file_sd <- file.path(haz_time_risk_dir, paste0(scenario_choice, "_ENSEMBLEsd_", time_choice, "_", haz_choice, ".tif"))

          if (!file.exists(save_file_mean) | overwrite2) {
            ensemble_stack <- terra::rast(ensemble_files)
            ensemble_mean <- mean(ensemble_stack)
            ensemble_sd <- app(ensemble_stack, fun = sd)

            if (!is.null(round2)) {
              ensemble_mean <- round(ensemble_mean, round2)
              ensemble_sd <- round(ensemble_sd, round2)
            }

            ensemble_names <- gsub(".tif", "", basename(ensemble_files[1]))
            ensemble_names_mean <- gsub(paste0(model_options, collapse = "|"), "ENSEMBLEmean", ensemble_names)
            ensemble_names_sd <- gsub(paste0(model_options, collapse = "|"), "ENSEMBLEsd", ensemble_names)

            names(ensemble_mean) <- ensemble_names_mean
            names(ensemble_sd) <- ensemble_names_sd

            terra::writeRaster(ensemble_mean, filename = save_file_mean, overwrite = TRUE, filetype = "COG", gdal = c("OVERVIEWS" = "NONE"))
            terra::writeRaster(ensemble_sd, filename = save_file_sd, overwrite = TRUE, filetype = "COG", gdal = c("OVERVIEWS" = "NONE"))

            rm(ensemble_stack, ensemble_mean, ensemble_sd)
            gc()
          }
        }))
      })
      plan(sequential)

      cat(timeframe, "2.1) Ensembling hazard frequency - Complete\n")
    }

--- grep: terra::mean / mean( / na.rm in R/2_calculate_haz_freq.R ---
242:  ec_haz <- unique(ec_haz[grep("NTxS", index_name), index_name := paste0("NTxS", ceiling(mean(as.numeric(substr(index_name, 5, 6)))))][grep("NTxM", index_name), index_name := paste0("NTxM", ceiling(mean(as.numeric(substr(index_name, 5, 6)))))][grep("NTxE", index_name), index_name := paste0("NTxE", ceiling(mean(as.numeric(substr(index_name, 5, 6)))))])
245:  ec_haz <- ec_haz[, list(threshold = mean(threshold, na.rm = TRUE)), by = list(index_name, description, direction, crop)]
722:            data <- terra::mean(data, na.rm = TRUE)
794:            ensemble_mean <- mean(ensemble_stack)
1060:          data_mean <- terra::mean(data, na.rm = TRUE)
1061:          data_sd <- terra::app(data, fun = sd, na.rm = TRUE)
1137:            ensemble_mean <- mean(ensemble_stack)
1344:              any_haz_mean <- terra::mean(any_haz, na.rm = TRUE)
1394:                mean(ensemble_dat)

===== 3.3) Manual ENSEMBLE reproduction =====
Warning messages:
1: /usr/lib/x86_64-linux-gnu/libtiff.so.6: version `LIBTIFF_4.6.1' not found (required by /opt/conda/lib/gdalplugins/../libgdal.so.36) (GDAL error 1) 
2: /usr/lib/x86_64-linux-gnu/libtiff.so.6: version `LIBTIFF_4.6.1' not found (required by /opt/conda/lib/gdalplugins/../libgdal.so.36) (GDAL error 1) 
3: /usr/lib/x86_64-linux-gnu/libtiff.so.6: version `LIBTIFF_4.6.1' not found (required by /opt/conda/lib/gdalplugins/../libgdal.so.36) (GDAL error 1) 
4: /usr/lib/x86_64-linux-gnu/libtiff.so.6: version `LIBTIFF_4.6.1' not found (required by /opt/conda/lib/gdalplugins/../libgdal.so.36) (GDAL error 1) 
5: /usr/lib/x86_64-linux-gnu/libtiff.so.6: version `LIBTIFF_4.6.1' not found (required by /opt/conda/lib/gdalplugins/../libgdal.so.36) (GDAL error 1) 
6: /usr/lib/x86_64-linux-gnu/libtiff.so.6: version `LIBTIFF_4.6.1' not found (required by /opt/conda/lib/gdalplugins/../libgdal.so.36) (GDAL error 1) 
7: /usr/lib/x86_64-linux-gnu/libtiff.so.6: version `LIBTIFF_4.6.1' not found (required by /opt/conda/lib/gdalplugins/../libgdal.so.36) (GDAL error 1) 
8: /usr/lib/x86_64-linux-gnu/libtiff.so.6: version `LIBTIFF_4.6.1' not found (required by /opt/conda/lib/gdalplugins/../libgdal.so.36) (GDAL error 1) 
Climate data source =  nexgddp 
0_server_setup.R has completed successfully.
CGLabs =  TRUE 
per-GCM inputs: 0
existing ENSEMBLE: 0 (basename=(none))
(no per-GCM inputs — can't reproduce; stop here)

===== Stage 3 complete =====
If 3.3 confirms na.rm=FALSE matches the existing all-NaN output,
the fix is one line in R/2_calculate_haz_freq.R (and possibly its
siblings at lines 789-790 and 1131-1132). Don't ship the fix yet;
report the diagnosis to Pete first, then schedule a section-5.2-
only re-run + Stage C downstream rebake for SSP370 future periods.

