nohup: ignoring input
=== verify_pushdown_speedup.R ===
bucket:           s3://digital-atlas
queries:          9 of 9
canonical_only:   FALSE
Each query runs on a FRESH duckdb connection with object cache

=== [adm0_obs_monthly] Climate Rationale's AGO+PTOT cold-start case ===
    WHERE iso3 = 'AGO' AND variable = 'PTOT'
    canonical : https://digital-atlas.s3.amazonaws.com/domain=climate/type=observational/source=chirps-chirts-era5/region=africa/processing=admin-monthly/variable=adm0_obs.parquet
    canonical : 1.48s, 544 rows
    sandbox   : https://digital-atlas.s3.amazonaws.com/sandbox/parquet-pushdown/domain=climate/type=observational/source=chirps-chirts-era5/region=africa/processing=admin-monthly/variable=adm0_obs.parquet
    sandbox   : 1.34s, 544 rows
    speedup   : 1.1x (no meaningful speedup) (correctness: match)

=== [adm1_obs_monthly] subnational TAVG query ===
    WHERE iso3 = 'KEN' AND variable = 'TAVG'
    canonical : https://digital-atlas.s3.amazonaws.com/domain=climate/type=observational/source=chirps-chirts-era5/region=africa/processing=admin-monthly/variable=adm1_obs.parquet
    canonical : 1.63s, 26,688 rows
    sandbox   : https://digital-atlas.s3.amazonaws.com/sandbox/parquet-pushdown/domain=climate/type=observational/source=chirps-chirts-era5/region=africa/processing=admin-monthly/variable=adm1_obs.parquet
    sandbox   : 1.64s, 26,688 rows
    speedup   : 1.0x (no meaningful speedup) (correctness: match)

=== [adm0_obs_periods] national + period filter (the dispatch's example) ===
    WHERE iso3 = 'AGO' AND variable = 'PTOT' AND period = 'annual'
    canonical : https://digital-atlas.s3.amazonaws.com/domain=climate/type=observational/source=chirps-chirts-era5/region=africa/processing=admin-periods/variable=adm0_obs.parquet
    canonical : 1.41s, 45 rows
    sandbox   : https://digital-atlas.s3.amazonaws.com/sandbox/parquet-pushdown/domain=climate/type=observational/source=chirps-chirts-era5/region=africa/processing=admin-periods/variable=adm0_obs.parquet
    sandbox   : 1.51s, 45 rows
    speedup   : 0.9x (no meaningful speedup) (correctness: match)

=== [adm1_obs_periods] subnational + period filter ===
    WHERE iso3 = 'ETH' AND variable = 'TMIN' AND period = 'annual'
    canonical : https://digital-atlas.s3.amazonaws.com/domain=climate/type=observational/source=chirps-chirts-era5/region=africa/processing=admin-periods/variable=adm1_obs.parquet
    canonical : 1.79s, 598 rows
    sandbox   : https://digital-atlas.s3.amazonaws.com/sandbox/parquet-pushdown/domain=climate/type=observational/source=chirps-chirts-era5/region=africa/processing=admin-periods/variable=adm1_obs.parquet
    sandbox   : 1.75s, 598 rows
    speedup   : 1.0x (no meaningful speedup) (correctness: match)

=== [cmip6_historical] historical national + season filter ===
    WHERE iso3 = 'NGA' AND season = 'annual'
    canonical : https://digital-atlas.s3.amazonaws.com/domain=climate/type=hazard-indices/source=nex-gddp-cmip6/region=africa/processing=timeseries_mean_month/timeframe=3months/period=1995-2014/baseline=1995-2014/variable=ensemble_season_timeseries.parquet
    canonical : 1.59s, 6,840 rows
    sandbox   : https://digital-atlas.s3.amazonaws.com/sandbox/parquet-pushdown/domain=climate/type=hazard-indices/source=nex-gddp-cmip6/region=africa/processing=timeseries_mean_month/timeframe=3months/period=1995-2014/baseline=1995-2014/variable=ensemble_season_timeseries.parquet
    sandbox   : 1.95s, 6,840 rows
    speedup   : 0.8x (no meaningful speedup) (correctness: match)

=== [cmip6_2021_2040] scenario + season filter ===
    WHERE iso3 = 'NGA' AND scenario = 'ssp245' AND season = 'annual'
    canonical : https://digital-atlas.s3.amazonaws.com/domain=climate/type=hazard-indices/source=nex-gddp-cmip6/region=africa/processing=timeseries_mean_month/timeframe=3months/period=2021-2040/baseline=1995-2014/variable=ensemble_season_timeseries.parquet
    canonical : 1.97s, 6,840 rows
    sandbox   : https://digital-atlas.s3.amazonaws.com/sandbox/parquet-pushdown/domain=climate/type=hazard-indices/source=nex-gddp-cmip6/region=africa/processing=timeseries_mean_month/timeframe=3months/period=2021-2040/baseline=1995-2014/variable=ensemble_season_timeseries.parquet
    sandbox   : 2.97s, 6,840 rows
    speedup   : 0.7x (no meaningful speedup) (correctness: match)

=== [hazard_exposure_multi] hazard x exposure crop slice ===
    WHERE iso3 = 'CIV' AND crop = 'cocoa'
    canonical : https://digital-atlas.s3.amazonaws.com/domain=hazard_exposure/source=nex-gddp-cmip6/region=ssa/processing=hazard-risk-exposure/variable=vop_nominal-usd21/period=jagermeyr/model=ENSEMBLEmean/severity=severe/int=multi-hazard.parquet
    canonical : 1.86s, 13,056 rows
    sandbox   : https://digital-atlas.s3.amazonaws.com/sandbox/parquet-pushdown/domain=hazard_exposure/source=nex-gddp-cmip6/region=ssa/processing=hazard-risk-exposure/variable=vop_nominal-usd21/period=jagermeyr/model=ENSEMBLEmean/severity=severe/int=multi-hazard.parquet
    sandbox   : 4.46s, 13,056 rows
    speedup   : 0.4x (no meaningful speedup) (correctness: match)

=== [exposure_crop_livestock] national + exposure filter ===
    WHERE iso3 = 'UGA' AND exposure = 'vop'
    canonical : https://digital-atlas.s3.amazonaws.com/domain=exposure/type=combined/source=glw4-2020_spam2020AA/region=ssa/processing=atlas-harmonized/variable=crop-livestock_all.parquet
    canonical : 1.64s, 43,646 rows
    sandbox   : https://digital-atlas.s3.amazonaws.com/sandbox/parquet-pushdown/domain=exposure/type=combined/source=glw4-2020_spam2020AA/region=ssa/processing=atlas-harmonized/variable=crop-livestock_all.parquet
    sandbox   : 2.35s, 43,646 rows
    speedup   : 0.7x (no meaningful speedup) (correctness: match)

=== [adm0_faostat] FAOSTAT national production query ===
    WHERE iso3 = 'ETH' AND variable = 'production'
    canonical : https://digital-atlas.s3.amazonaws.com/domain=socioeconomic/type=production/source=faostat/region=ssa/variable=adm0_faostat.parquet
    canonical : 1.65s, 1,125 rows
    sandbox   : https://digital-atlas.s3.amazonaws.com/sandbox/parquet-pushdown/domain=socioeconomic/type=production/source=faostat/region=ssa/variable=adm0_faostat.parquet
    sandbox   : 1.72s, 1,125 rows
    speedup   : 1.0x (no meaningful speedup) (correctness: match)

=== summary ===
target                      canonical_s    sandbox_s  speedup rows_match
--------------------------------------------------------------------------- 
adm0_obs_monthly                   1.48         1.34     1.1x ok
adm1_obs_monthly                   1.63         1.64     1.0x ok
adm0_obs_periods                   1.41         1.51     0.9x ok
adm1_obs_periods                   1.79         1.75     1.0x ok
cmip6_historical                   1.59         1.95     0.8x ok
cmip6_2021_2040                    1.97         2.97     0.7x ok
hazard_exposure_multi              1.86         4.46     0.4x ok
exposure_crop_livestock            1.64         2.35     0.7x ok
adm0_faostat                       1.65         1.72     1.0x ok

Pushdown firing (>=3x speedup) on 0/9 queries.
Warning message:
In sprintf("Each query runs on a FRESH duckdb connection with object cache\n",  :
  one argument not used by format 'Each query runs on a FRESH duckdb connection with object cache
'

===== STAGE D DONE (Rscript exit code: 0) =====
