[18:26:07] bootstrap_minimal: resolving project / working dirs
[18:26:08]   selected working_dir: /home/jovyan/common_data/nex-gddp-cimp6_hazards
[publish] workers=16  per_worker_gb~0.2  cores=40/40 (logical/physical)  RAM=360.1 free / 376.5 total GB  budget=3.2 GB
project_dir          : /home/jovyan/atlas/hazards_prototype 
working_dir          : /home/jovyan/common_data/nex-gddp-cimp6_hazards 
admin dir            : Data/chirts_chirps_hist/admin 
maps dir             : Data/chirts_chirps_hist/maps 
metadata dir         : /home/jovyan/atlas/hazards_prototype/metadata 
mode                 : --dry-run 
tier                 : 2 
tier 1 enabled       : FALSE 
tier 2 enabled       : TRUE 
overwrite            : FALSE 
workers              : 16 

[18:26:08] === DRY RUN ===
[18:26:09] wrote Data/chirts_chirps_hist/_publish_dry_run.csv (1416 rows)

=== Dry-run summary ===
    tier       upload_id n_files total_mb
   <int>          <char>   <int>    <num>
1:     2 obs-climatology    1416 7131.449

=== Sample S3 paths (head 3 + tail 2 per upload_id) ===

[obs-climatology] (1416 files)
  s3://digital-atlas/domain=climate/type=observational/source=chirps-chirts-era5/region=africa/processing=climatology/variable=PTOT/period=annual/clim=wmo_1991-2020/stat=max/PTOT_annual_1991-2020_max.tif
  s3://digital-atlas/domain=climate/type=observational/source=chirps-chirts-era5/region=africa/processing=climatology/variable=PTOT/period=annual/clim=wmo_1991-2020/stat=mean/PTOT_annual_1991-2020_mean.tif
  s3://digital-atlas/domain=climate/type=observational/source=chirps-chirts-era5/region=africa/processing=climatology/variable=PTOT/period=annual/clim=wmo_1991-2020/stat=min/PTOT_annual_1991-2020_min.tif
  ...
  s3://digital-atlas/domain=climate/type=observational/source=chirps-chirts-era5/region=africa/processing=climatology/variable=TMIN/period=SON/clim=full_record/stat=min/TMIN_SON_full_min.tif
  s3://digital-atlas/domain=climate/type=observational/source=chirps-chirts-era5/region=africa/processing=climatology/variable=TMIN/period=SON/clim=full_record/stat=sd/TMIN_SON_full_sd.tif

Full list at: Data/chirts_chirps_hist/_publish_dry_run.csv
