nohup: ignoring input
[14:50:41] bootstrap_minimal: resolving project / working dirs
[14:50:42]   selected working_dir: /home/jovyan/common_data/nex-gddp-cimp6_hazards
[publish] workers=16  per_worker_gb~0.2  cores=40/40 (logical/physical)  RAM=359.4 free / 376.5 total GB  budget=3.2 GB
project_dir          : /home/jovyan/atlas/hazards_prototype 
working_dir          : /home/jovyan/common_data/nex-gddp-cimp6_hazards 
admin dir            : Data/chirts_chirps_hist/admin 
maps dir             : Data/chirts_chirps_hist/maps 
metadata dir         : /home/jovyan/atlas/hazards_prototype/metadata 
mode                 : --dry-run 
tier                 : all 
tier 1 enabled       : TRUE 
tier 2 enabled       : TRUE 
overwrite            : FALSE 
workers              : 16 

[14:50:42] === DRY RUN ===
[14:50:43] wrote Data/chirts_chirps_hist/_publish_dry_run.csv (1421 rows)

=== Dry-run summary ===
    tier         upload_id n_files     total_mb
   <int>            <char>   <int>        <num>
1:     1 obs-admin-monthly       2 5.411903e+01
2:     1 obs-admin-periods       2 5.774061e+01
3:     1   obs-base-raster       1 3.946972e-02
4:     2   obs-climatology    1416 7.131334e+03

=== Sample S3 paths (head 3 + tail 2 per upload_id) ===

[obs-admin-monthly] (2 files)
  s3://digital-atlas/domain=climate/type=observational/source=chirps-chirts-era5/region=africa/processing=admin-monthly/variable=adm0_obs.parquet
  s3://digital-atlas/domain=climate/type=observational/source=chirps-chirts-era5/region=africa/processing=admin-monthly/variable=adm1_obs.parquet

[obs-admin-periods] (2 files)
  s3://digital-atlas/domain=climate/type=observational/source=chirps-chirts-era5/region=africa/processing=admin-periods/variable=adm0_obs.parquet
  s3://digital-atlas/domain=climate/type=observational/source=chirps-chirts-era5/region=africa/processing=admin-periods/variable=adm1_obs.parquet

[obs-base-raster] (1 files)
  s3://digital-atlas/domain=boundaries/type=raster/source=chirps-grid/region=africa/processing=base-raster/base_raster_obs.tif

[obs-climatology] (1416 files)
  s3://digital-atlas/domain=climate/type=observational/source=chirps-chirts-era5/region=africa/processing=climatology/variable=PTOT/period=annual/clim=wmo_1991-2020/stat=max/PTOT_annual_1991-2020_max.tif
  s3://digital-atlas/domain=climate/type=observational/source=chirps-chirts-era5/region=africa/processing=climatology/variable=PTOT/period=annual/clim=wmo_1991-2020/stat=mean/PTOT_annual_1991-2020_mean.tif
  s3://digital-atlas/domain=climate/type=observational/source=chirps-chirts-era5/region=africa/processing=climatology/variable=PTOT/period=annual/clim=wmo_1991-2020/stat=min/PTOT_annual_1991-2020_min.tif
  ...
  s3://digital-atlas/domain=climate/type=observational/source=chirps-chirts-era5/region=africa/processing=climatology/variable=TMIN/period=SON/clim=full_record/stat=min/TMIN_SON_full_min.tif
  s3://digital-atlas/domain=climate/type=observational/source=chirps-chirts-era5/region=africa/processing=climatology/variable=TMIN/period=SON/clim=full_record/stat=sd/TMIN_SON_full_sd.tif

Full list at: Data/chirts_chirps_hist/_publish_dry_run.csv
