nohup: ignoring input
Loading required package: pacman
Loading required package: exactextractr
Climate data source =  nexgddp 
0_server_setup.R has completed successfully.
CGLabs =  TRUE 
There were 17 warnings (use warnings() to see them)
[publish] workers=16  per_worker_gb~0.2  cores=40/40 (logical/physical)  RAM=359.2 free / 376.5 total GB  budget=3.2 GB
project_dir          : /home/jovyan/atlas/hazards_prototype 
working_dir          : /home/jovyan/common_data/nex-gddp-cimp6_hazards 
admin dir            : Data/chirts_chirps_hist/admin 
maps dir             : Data/chirts_chirps_hist/maps 
metadata dir         : /home/jovyan/atlas/hazards_prototype/metadata 
mode                 : --full 
tier                 : all 
tier 1 enabled       : TRUE 
tier 2 enabled       : TRUE 
overwrite            : FALSE 
workers              : 16 

[14:52:03] === FULL PUBLISH ===
[14:52:03]   spec 'obs-admin-monthly': 2 files, 54.1 MB total
[14:52:03]   spec 'obs-admin-periods': 2 files, 57.7 MB total
[14:52:03]   spec 'obs-base-raster': 1 files, 0.0 MB total
[14:52:03]   spec 'obs-climatology': 1416 files, 7131.3 MB total
[14:52:03] === Uploading: obs-admin-monthly (tier 1) ===
The current policy already allows public access to the specified files. 
[1] "Report saved to: Data/chirts_chirps_hist/admin/obs-admin-monthly_uploadReport.json"
[14:52:15]   done: 2 files in 11.7s
[14:52:15] === Uploading: obs-admin-periods (tier 1) ===
The current policy already allows public access to the specified files. 
[1] "Report saved to: Data/chirts_chirps_hist/admin/obs-admin-periods_uploadReport.json"
[14:52:28]   done: 2 files in 13.1s
[14:52:28] === Uploading: obs-base-raster (tier 1) ===
The current policy already allows public access to the specified files. 
[1] "Report saved to: /home/jovyan/atlas/hazards_prototype/metadata/obs-base-raster_uploadReport.json"
[14:52:32]   done: 1 files in 3.8s
[14:52:32] === Uploading: obs-climatology (tier 2) ===
The current policy already allows public access to the specified files. 
[1] "Report saved to: Data/chirts_chirps_hist/maps/obs-climatology_uploadReport.json"
[14:56:12]   done: 1416 files in 220.1s

=== Full publish summary ===
           upload_id  tier n_files  elapsed_s
              <char> <int>   <int>      <num>
1: obs-admin-monthly     1       2  11.735915
2: obs-admin-periods     1       2  13.089243
3:   obs-base-raster     1       1   3.754624
4:   obs-climatology     2    1416 220.120132

Total files: 1421, total elapsed: 248.7s
