Loading required package: pacman
Loading required package: exactextractr
Climate data source =  nexgddp 
0_server_setup.R has completed successfully.
CGLabs =  TRUE 
There were 17 warnings (use warnings() to see them)
Starting 2.1_create_monthly_haz_tables.R
output_dir = Data/hazard_timeseries_mean_month 
Working with hazards = HSH_max TMAX TAVG NDWL0 NDWS NTx35 PTOT THI_max NDD 
Using scenarios = ssp126 ssp245 ssp370 ssp585 
Using time periods = 2021_2040 2041_2060 2061_2080 2081_2100 
Section controls: sec2=FALSE 3.1=FALSE 3.2=FALSE 3.3=TRUE 3.4=TRUE
Folders included = /home/jovyan/common_data/atlas_nex-gddp_hazards/cmip6/indices/ssp126_ACCESS-ESM1-5_2021_2040
/home/jovyan/common_data/atlas_nex-gddp_hazards/cmip6/indices/ssp126_ACCESS-ESM1-5_2041_2060
/home/jovyan/common_data/atlas_nex-gddp_hazards/cmip6/indices/ssp126_ACCESS-ESM1-5_2061_2080
/home/jovyan/common_data/atlas_nex-gddp_hazards/cmip6/indices/ssp126_ACCESS-ESM1-5_2081_2100
/home/jovyan/common_data/atlas_nex-gddp_hazards/cmip6/indices/ssp126_EC-Earth3_2021_2040
/home/jovyan/common_data/atlas_nex-gddp_hazards/cmip6/indices/ssp126_EC-Earth3_2041_2060
/home/jovyan/common_data/atlas_nex-gddp_hazards/cmip6/indices/ssp126_EC-Earth3_2061_2080
/home/jovyan/common_data/atlas_nex-gddp_hazards/cmip6/indices/ssp126_EC-Earth3_2081_2100
/home/jovyan/common_data/atlas_nex-gddp_hazards/cmip6/indices/ssp126_INM-CM5-0_2021_2040
/home/jovyan/common_data/atlas_nex-gddp_hazards/cmip6/indices/ssp126_INM-CM5-0_2041_2060
/home/jovyan/common_data/atlas_nex-gddp_hazards/cmip6/indices/ssp126_INM-CM5-0_2061_2080
/home/jovyan/common_data/atlas_nex-gddp_hazards/cmip6/indices/ssp126_INM-CM5-0_2081_2100
/home/jovyan/common_data/atlas_nex-gddp_hazards/cmip6/indices/ssp126_MPI-ESM1-2-HR_2021_2040
/home/jovyan/common_data/atlas_nex-gddp_hazards/cmip6/indices/ssp126_MPI-ESM1-2-HR_2041_2060
/home/jovyan/common_data/atlas_nex-gddp_hazards/cmip6/indices/ssp126_MPI-ESM1-2-HR_2061_2080
/home/jovyan/common_data/atlas_nex-gddp_hazards/cmip6/indices/ssp126_MPI-ESM1-2-HR_2081_2100
/home/jovyan/common_data/atlas_nex-gddp_hazards/cmip6/indices/ssp126_MRI-ESM2-0_2021_2040
/home/jovyan/common_data/atlas_nex-gddp_hazards/cmip6/indices/ssp126_MRI-ESM2-0_2041_2060
/home/jovyan/common_data/atlas_nex-gddp_hazards/cmip6/indices/ssp126_MRI-ESM2-0_2061_2080
/home/jovyan/common_data/atlas_nex-gddp_hazards/cmip6/indices/ssp126_MRI-ESM2-0_2081_2100
/home/jovyan/common_data/atlas_nex-gddp_hazards/cmip6/indices/ssp245_ACCESS-ESM1-5_2021_2040
/home/jovyan/common_data/atlas_nex-gddp_hazards/cmip6/indices/ssp245_ACCESS-ESM1-5_2041_2060
/home/jovyan/common_data/atlas_nex-gddp_hazards/cmip6/indices/ssp245_ACCESS-ESM1-5_2061_2080
/home/jovyan/common_data/atlas_nex-gddp_hazards/cmip6/indices/ssp245_ACCESS-ESM1-5_2081_2100
/home/jovyan/common_data/atlas_nex-gddp_hazards/cmip6/indices/ssp245_EC-Earth3_2021_2040
/home/jovyan/common_data/atlas_nex-gddp_hazards/cmip6/indices/ssp245_EC-Earth3_2041_2060
/home/jovyan/common_data/atlas_nex-gddp_hazards/cmip6/indices/ssp245_EC-Earth3_2061_2080
/home/jovyan/common_data/atlas_nex-gddp_hazards/cmip6/indices/ssp245_EC-Earth3_2081_2100
/home/jovyan/common_data/atlas_nex-gddp_hazards/cmip6/indices/ssp245_INM-CM5-0_2021_2040
/home/jovyan/common_data/atlas_nex-gddp_hazards/cmip6/indices/ssp245_INM-CM5-0_2041_2060
/home/jovyan/common_data/atlas_nex-gddp_hazards/cmip6/indices/ssp245_INM-CM5-0_2061_2080
/home/jovyan/common_data/atlas_nex-gddp_hazards/cmip6/indices/ssp245_INM-CM5-0_2081_2100
/home/jovyan/common_data/atlas_nex-gddp_hazards/cmip6/indices/ssp245_MPI-ESM1-2-HR_2021_2040
/home/jovyan/common_data/atlas_nex-gddp_hazards/cmip6/indices/ssp245_MPI-ESM1-2-HR_2041_2060
/home/jovyan/common_data/atlas_nex-gddp_hazards/cmip6/indices/ssp245_MPI-ESM1-2-HR_2061_2080
/home/jovyan/common_data/atlas_nex-gddp_hazards/cmip6/indices/ssp245_MPI-ESM1-2-HR_2081_2100
/home/jovyan/common_data/atlas_nex-gddp_hazards/cmip6/indices/ssp245_MRI-ESM2-0_2021_2040
/home/jovyan/common_data/atlas_nex-gddp_hazards/cmip6/indices/ssp245_MRI-ESM2-0_2041_2060
/home/jovyan/common_data/atlas_nex-gddp_hazards/cmip6/indices/ssp245_MRI-ESM2-0_2061_2080
/home/jovyan/common_data/atlas_nex-gddp_hazards/cmip6/indices/ssp245_MRI-ESM2-0_2081_2100
/home/jovyan/common_data/atlas_nex-gddp_hazards/cmip6/indices/ssp370_ACCESS-ESM1-5_2021_2040
/home/jovyan/common_data/atlas_nex-gddp_hazards/cmip6/indices/ssp370_ACCESS-ESM1-5_2041_2060
/home/jovyan/common_data/atlas_nex-gddp_hazards/cmip6/indices/ssp370_ACCESS-ESM1-5_2061_2080
/home/jovyan/common_data/atlas_nex-gddp_hazards/cmip6/indices/ssp370_ACCESS-ESM1-5_2081_2100
/home/jovyan/common_data/atlas_nex-gddp_hazards/cmip6/indices/ssp370_EC-Earth3_2021_2040
/home/jovyan/common_data/atlas_nex-gddp_hazards/cmip6/indices/ssp370_EC-Earth3_2041_2060
/home/jovyan/common_data/atlas_nex-gddp_hazards/cmip6/indices/ssp370_EC-Earth3_2061_2080
/home/jovyan/common_data/atlas_nex-gddp_hazards/cmip6/indices/ssp370_EC-Earth3_2081_2100
/home/jovyan/common_data/atlas_nex-gddp_hazards/cmip6/indices/ssp370_INM-CM5-0_2021_2040
/home/jovyan/common_data/atlas_nex-gddp_hazards/cmip6/indices/ssp370_INM-CM5-0_2041_2060
/home/jovyan/common_data/atlas_nex-gddp_hazards/cmip6/indices/ssp370_INM-CM5-0_2061_2080
/home/jovyan/common_data/atlas_nex-gddp_hazards/cmip6/indices/ssp370_INM-CM5-0_2081_2100
/home/jovyan/common_data/atlas_nex-gddp_hazards/cmip6/indices/ssp370_MPI-ESM1-2-HR_2021_2040
/home/jovyan/common_data/atlas_nex-gddp_hazards/cmip6/indices/ssp370_MPI-ESM1-2-HR_2041_2060
/home/jovyan/common_data/atlas_nex-gddp_hazards/cmip6/indices/ssp370_MPI-ESM1-2-HR_2061_2080
/home/jovyan/common_data/atlas_nex-gddp_hazards/cmip6/indices/ssp370_MPI-ESM1-2-HR_2081_2100
/home/jovyan/common_data/atlas_nex-gddp_hazards/cmip6/indices/ssp370_MRI-ESM2-0_2021_2040
/home/jovyan/common_data/atlas_nex-gddp_hazards/cmip6/indices/ssp370_MRI-ESM2-0_2041_2060
/home/jovyan/common_data/atlas_nex-gddp_hazards/cmip6/indices/ssp370_MRI-ESM2-0_2061_2080
/home/jovyan/common_data/atlas_nex-gddp_hazards/cmip6/indices/ssp370_MRI-ESM2-0_2081_2100
/home/jovyan/common_data/atlas_nex-gddp_hazards/cmip6/indices/ssp585_ACCESS-ESM1-5_2021_2040
/home/jovyan/common_data/atlas_nex-gddp_hazards/cmip6/indices/ssp585_ACCESS-ESM1-5_2041_2060
/home/jovyan/common_data/atlas_nex-gddp_hazards/cmip6/indices/ssp585_ACCESS-ESM1-5_2061_2080
/home/jovyan/common_data/atlas_nex-gddp_hazards/cmip6/indices/ssp585_ACCESS-ESM1-5_2081_2100
/home/jovyan/common_data/atlas_nex-gddp_hazards/cmip6/indices/ssp585_EC-Earth3_2021_2040
/home/jovyan/common_data/atlas_nex-gddp_hazards/cmip6/indices/ssp585_EC-Earth3_2041_2060
/home/jovyan/common_data/atlas_nex-gddp_hazards/cmip6/indices/ssp585_EC-Earth3_2061_2080
/home/jovyan/common_data/atlas_nex-gddp_hazards/cmip6/indices/ssp585_EC-Earth3_2081_2100
/home/jovyan/common_data/atlas_nex-gddp_hazards/cmip6/indices/ssp585_INM-CM5-0_2021_2040
/home/jovyan/common_data/atlas_nex-gddp_hazards/cmip6/indices/ssp585_INM-CM5-0_2041_2060
/home/jovyan/common_data/atlas_nex-gddp_hazards/cmip6/indices/ssp585_INM-CM5-0_2061_2080
/home/jovyan/common_data/atlas_nex-gddp_hazards/cmip6/indices/ssp585_INM-CM5-0_2081_2100
/home/jovyan/common_data/atlas_nex-gddp_hazards/cmip6/indices/ssp585_MPI-ESM1-2-HR_2021_2040
/home/jovyan/common_data/atlas_nex-gddp_hazards/cmip6/indices/ssp585_MPI-ESM1-2-HR_2041_2060
/home/jovyan/common_data/atlas_nex-gddp_hazards/cmip6/indices/ssp585_MPI-ESM1-2-HR_2061_2080
/home/jovyan/common_data/atlas_nex-gddp_hazards/cmip6/indices/ssp585_MPI-ESM1-2-HR_2081_2100
/home/jovyan/common_data/atlas_nex-gddp_hazards/cmip6/indices/ssp585_MRI-ESM2-0_2021_2040
/home/jovyan/common_data/atlas_nex-gddp_hazards/cmip6/indices/ssp585_MRI-ESM2-0_2041_2060
/home/jovyan/common_data/atlas_nex-gddp_hazards/cmip6/indices/ssp585_MRI-ESM2-0_2061_2080
/home/jovyan/common_data/atlas_nex-gddp_hazards/cmip6/indices/ssp585_MRI-ESM2-0_2081_2100 
                    admin0_name        admin1_name
                         <char>             <char>
 1:                     Comoros Anjouan (Ndzouani)
 2:                     Comoros     Mohéli (Mwali)
 3:                  Cabo Verde              Brava
 4:                  Cabo Verde               Maio
 5:                  Cabo Verde                Sal
 6:                  Cabo Verde        Sao Vicente
 7:                    Djibouti          Djiboutii
 8:                      Guinea            Conakry
 9:           Equatorial Guinea            Annobón
10:                   Mauritius    Agalnga Islands
11:                   Mauritius      Rivinre Noire
12:       Sao Tome And Principe           Príncipe
13:                  Seychelles           La Digue
14:                  Seychelles               Mahe
15:                  Seychelles      Other Islands
16:                  Seychelles            Praslin
17:                  Seychelles               <NA>
18: United Republic of Tanzania    Kaskazini Pemba
19: United Republic of Tanzania       Kusini Pemba
                                                   hazard
                                                   <char>
 1:                                            NDWL0,NDWS
 2:                                            NDWL0,NDWS
 3:                                       NDWL0,NDWS,PTOT
 4:                                            NDWL0,NDWS
 5:                                            NDWL0,NDWS
 6:                                            NDWL0,NDWS
 7:                                            NDWL0,NDWS
 8:                                                  PTOT
 9: HSH-max,NDWL0,NDWS,NTx35,NTx40,PTOT,TAVG,THI-max,TMAX
10:                                            NDWL0,NDWS
11:                                            NDWL0,NDWS
12:                                            NDWL0,NDWS
13:                                            NDWL0,NDWS
14:                                            NDWL0,NDWS
15:                                            NDWL0,NDWS
16:                                            NDWL0,NDWS
17:                                            NDWL0,NDWS
18:                                            NDWL0,NDWS
19:                                            NDWL0,NDWS
3.1) Seasonal hazard calculation 
3.1) Seasonal hazard calculation - Complete 
3.2) Adding historical means 
3.3) Calculating ensemble stats 
3.3) Calculating ensemble stats for  1 / 7 haz_3months_adm_mean_1981-2014_anomaly-historic_seasons.parquet 
write_parquet_pushdown: Data/hazard_timeseries_mean_month/haz_3months_adm_mean_1981-2014_anomaly-historic_ensemble_seasons.parquet written (60 row groups, 1680 chunks, 64.8 KB avg chunk, stats verified on admin0_name, hazard, scenario, season)
write_parquet_pushdown: Data/hazard_timeseries_mean_month/haz_3months_adm_mean_1981-2014_anomaly-historic_ensemble.parquet written (2 row groups, 38 chunks, 22.2 KB avg chunk, stats verified on admin0_name, hazard, scenario)
3.3) Calculating ensemble stats for  2 / 7 haz_3months_adm_mean_1995-2014_anomaly-historic_seasons.parquet 
write_parquet_pushdown: Data/hazard_timeseries_mean_month/haz_3months_adm_mean_1995-2014_anomaly-historic_ensemble_seasons.parquet written (35 row groups, 980 chunks, 67.2 KB avg chunk, stats verified on admin0_name, hazard, scenario, season)
write_parquet_pushdown: Data/hazard_timeseries_mean_month/haz_3months_adm_mean_1995-2014_anomaly-historic_ensemble.parquet written (2 row groups, 38 chunks, 24.4 KB avg chunk, stats verified on admin0_name, hazard, scenario)
3.3) Calculating ensemble stats for  3 / 7 haz_3months_adm_mean_2021-2040_anomaly-historic_seasons.parquet 
write_parquet_pushdown: Data/hazard_timeseries_mean_month/haz_3months_adm_mean_2021-2040_anomaly-historic_ensemble_seasons.parquet written (155 row groups, 4340 chunks, 63.1 KB avg chunk, stats verified on admin0_name, hazard, scenario, season)
write_parquet_pushdown: Data/hazard_timeseries_mean_month/haz_3months_adm_mean_2021-2040_anomaly-historic_ensemble.parquet written (8 row groups, 152 chunks, 28.7 KB avg chunk, stats verified on admin0_name, hazard, scenario)
3.3) Calculating ensemble stats for  4 / 7 haz_3months_adm_mean_2041-2060_anomaly-historic_seasons.parquet 
write_parquet_pushdown: Data/hazard_timeseries_mean_month/haz_3months_adm_mean_2041-2060_anomaly-historic_ensemble_seasons.parquet written (155 row groups, 4340 chunks, 64.5 KB avg chunk, stats verified on admin0_name, hazard, scenario, season)
write_parquet_pushdown: Data/hazard_timeseries_mean_month/haz_3months_adm_mean_2041-2060_anomaly-historic_ensemble.parquet written (8 row groups, 152 chunks, 30.2 KB avg chunk, stats verified on admin0_name, hazard, scenario)
3.3) Calculating ensemble stats for  5 / 7 haz_3months_adm_mean_2061-2080_anomaly-historic_seasons.parquet 
write_parquet_pushdown: Data/hazard_timeseries_mean_month/haz_3months_adm_mean_2061-2080_anomaly-historic_ensemble_seasons.parquet written (155 row groups, 4340 chunks, 65.9 KB avg chunk, stats verified on admin0_name, hazard, scenario, season)
write_parquet_pushdown: Data/hazard_timeseries_mean_month/haz_3months_adm_mean_2061-2080_anomaly-historic_ensemble.parquet written (8 row groups, 152 chunks, 31.2 KB avg chunk, stats verified on admin0_name, hazard, scenario)
3.3) Calculating ensemble stats for  6 / 7 haz_3months_adm_mean_2081-2100_anomaly-historic_seasons.parquet 
write_parquet_pushdown: Data/hazard_timeseries_mean_month/haz_3months_adm_mean_2081-2100_anomaly-historic_ensemble_seasons.parquet written (155 row groups, 4340 chunks, 67.4 KB avg chunk, stats verified on admin0_name, hazard, scenario, season)
write_parquet_pushdown: Data/hazard_timeseries_mean_month/haz_3months_adm_mean_2081-2100_anomaly-historic_ensemble.parquet written (8 row groups, 152 chunks, 32.2 KB avg chunk, stats verified on admin0_name, hazard, scenario)
3.3) Calculating ensemble stats for  7 / 7 haz_3months_adm_mean_1981-2014_anomaly-historic_seasons.parquet 
write_parquet_pushdown: Data/hazard_timeseries_mean_month/haz_3months_adm_mean_1981-2014_anomaly-historic_ensemble_seasons.parquet written (60 row groups, 1680 chunks, 64.8 KB avg chunk, stats verified on admin0_name, hazard, scenario, season)
write_parquet_pushdown: Data/hazard_timeseries_mean_month/haz_3months_adm_mean_1981-2014_anomaly-historic_ensemble.parquet written (2 row groups, 38 chunks, 22.2 KB avg chunk, stats verified on admin0_name, hazard, scenario)
3.3) Calculating ensemble stats - Complete 
3.4) Trend calculation (with Yue 2002 TFPW pre-whitening)
3.4) Trends - Processing 1 / 7 haz_3months_adm_mean_1981-2014_anomaly-historic_seasons.parquet 
write_parquet_pushdown: Data/hazard_timeseries_mean_month/haz_3months_adm_mean_1981-2014_anomaly-historic_trends.parquet written (1062 row groups, 20178 chunks, 3.2 KB avg chunk, stats verified on admin0_name, hazard, scenario)
write_parquet_pushdown: Data/hazard_timeseries_mean_month/haz_3months_adm_mean_1981-2014_anomaly-historic_trends_ensemble.parquet written (20 row groups, 220 chunks, 64.3 KB avg chunk, stats verified on admin0_name, hazard)
write_parquet_pushdown: Data/hazard_timeseries_mean_month/haz_3months_adm_mean_1981-2014_anomaly-historic_trends_ensemble_minimal.parquet written (2 row groups, 22 chunks, 52.6 KB avg chunk, stats verified on admin0_name, hazard)
3.4) Trends - Processing 2 / 7 haz_3months_adm_mean_1995-2014_anomaly-historic_seasons.parquet 
write_parquet_pushdown: Data/hazard_timeseries_mean_month/haz_3months_adm_mean_1995-2014_anomaly-historic_trends.parquet written (623 row groups, 11837 chunks, 5.1 KB avg chunk, stats verified on admin0_name, hazard, scenario)
write_parquet_pushdown: Data/hazard_timeseries_mean_month/haz_3months_adm_mean_1995-2014_anomaly-historic_trends_ensemble.parquet written (20 row groups, 220 chunks, 63.9 KB avg chunk, stats verified on admin0_name, hazard)
write_parquet_pushdown: Data/hazard_timeseries_mean_month/haz_3months_adm_mean_1995-2014_anomaly-historic_trends_ensemble_minimal.parquet written (2 row groups, 22 chunks, 52.6 KB avg chunk, stats verified on admin0_name, hazard)
3.4) Trends - Processing 3 / 7 haz_3months_adm_mean_2021-2040_anomaly-historic_seasons.parquet 
write_parquet_pushdown: Data/hazard_timeseries_mean_month/haz_3months_adm_mean_2021-2040_anomaly-historic_trends.parquet written (2550 row groups, 48450 chunks, 4.9 KB avg chunk, stats verified on admin0_name, hazard, scenario)
write_parquet_pushdown: Data/hazard_timeseries_mean_month/haz_3months_adm_mean_2021-2040_anomaly-historic_trends_ensemble.parquet written (86 row groups, 946 chunks, 65.5 KB avg chunk, stats verified on admin0_name, hazard)
write_parquet_pushdown: Data/hazard_timeseries_mean_month/haz_3months_adm_mean_2021-2040_anomaly-historic_trends_ensemble_minimal.parquet written (8 row groups, 88 chunks, 52.6 KB avg chunk, stats verified on admin0_name, hazard)
3.4) Trends - Processing 4 / 7 haz_3months_adm_mean_2041-2060_anomaly-historic_seasons.parquet 
write_parquet_pushdown: Data/hazard_timeseries_mean_month/haz_3months_adm_mean_2041-2060_anomaly-historic_trends.parquet written (2550 row groups, 48450 chunks, 5.1 KB avg chunk, stats verified on admin0_name, hazard, scenario)
write_parquet_pushdown: Data/hazard_timeseries_mean_month/haz_3months_adm_mean_2041-2060_anomaly-historic_trends_ensemble.parquet written (86 row groups, 946 chunks, 66.3 KB avg chunk, stats verified on admin0_name, hazard)
write_parquet_pushdown: Data/hazard_timeseries_mean_month/haz_3months_adm_mean_2041-2060_anomaly-historic_trends_ensemble_minimal.parquet written (8 row groups, 88 chunks, 52.9 KB avg chunk, stats verified on admin0_name, hazard)
3.4) Trends - Processing 5 / 7 haz_3months_adm_mean_2061-2080_anomaly-historic_seasons.parquet 
write_parquet_pushdown: Data/hazard_timeseries_mean_month/haz_3months_adm_mean_2061-2080_anomaly-historic_trends.parquet written (2550 row groups, 48450 chunks, 5.2 KB avg chunk, stats verified on admin0_name, hazard, scenario)
write_parquet_pushdown: Data/hazard_timeseries_mean_month/haz_3months_adm_mean_2061-2080_anomaly-historic_trends_ensemble.parquet written (86 row groups, 946 chunks, 67.0 KB avg chunk, stats verified on admin0_name, hazard)
write_parquet_pushdown: Data/hazard_timeseries_mean_month/haz_3months_adm_mean_2061-2080_anomaly-historic_trends_ensemble_minimal.parquet written (8 row groups, 88 chunks, 53.1 KB avg chunk, stats verified on admin0_name, hazard)
3.4) Trends - Processing 6 / 7 haz_3months_adm_mean_2081-2100_anomaly-historic_seasons.parquet 
write_parquet_pushdown: Data/hazard_timeseries_mean_month/haz_3months_adm_mean_2081-2100_anomaly-historic_trends.parquet written (2550 row groups, 48450 chunks, 5.3 KB avg chunk, stats verified on admin0_name, hazard, scenario)
write_parquet_pushdown: Data/hazard_timeseries_mean_month/haz_3months_adm_mean_2081-2100_anomaly-historic_trends_ensemble.parquet written (86 row groups, 946 chunks, 67.6 KB avg chunk, stats verified on admin0_name, hazard)
write_parquet_pushdown: Data/hazard_timeseries_mean_month/haz_3months_adm_mean_2081-2100_anomaly-historic_trends_ensemble_minimal.parquet written (8 row groups, 88 chunks, 53.3 KB avg chunk, stats verified on admin0_name, hazard)
3.4) Trends - Processing 7 / 7 haz_3months_adm_mean_1981-2014_anomaly-historic_seasons.parquet 
write_parquet_pushdown: Data/hazard_timeseries_mean_month/haz_3months_adm_mean_1981-2014_anomaly-historic_trends.parquet written (1062 row groups, 20178 chunks, 3.2 KB avg chunk, stats verified on admin0_name, hazard, scenario)
write_parquet_pushdown: Data/hazard_timeseries_mean_month/haz_3months_adm_mean_1981-2014_anomaly-historic_trends_ensemble.parquet written (20 row groups, 220 chunks, 64.3 KB avg chunk, stats verified on admin0_name, hazard)
write_parquet_pushdown: Data/hazard_timeseries_mean_month/haz_3months_adm_mean_1981-2014_anomaly-historic_trends_ensemble_minimal.parquet written (2 row groups, 22 chunks, 52.6 KB avg chunk, stats verified on admin0_name, hazard)
3.4) Trend calculations - Complete

===== 2.1_create_monthly_haz_tables.R COMPLETE at 2026-06-05 10:31:55 UTC =====
There were 50 or more warnings (use warnings() to see the first 50)
===== R/2.1 DONE (exit: 0) at 2026-06-05 10:32:12 UTC =====
[develop a83392e] auto: R/2.1 log 20260603_200100 (exit 0)
 1 file changed, 194 insertions(+)
 create mode 100644 logs/R21_pushdown_20260603_200100.log
===== LOG COMMITTED LOCALLY — push failed (no remote creds) =====
      Run: git push origin develop
